Starting eventlog...
init
write
write
write
write
stop
